           <...>-350   [000] ....     9.856482: do_sys_open: "/sys/devices/pci0000:00/0000:00:16.3/uevent" 88000 666
           <...>-354   [001] ....     9.856498: do_sys_open: "/sys/devices/pci0000:00/uevent" 88000 666
           <...>-354   [001] ....     9.856549: do_sys_open: "/run/udev/data/+pci:0000:00:1a.0.tmp" 88241 666
           <...>-363   [003] ....     9.856583: do_sys_open: "/sys/devices/pci0000:00/uevent" 88000 666
           <...>-352   [002] ....     9.856583: do_sys_open: "/sys/devices/pci0000:00/uevent" 88000 666
           <...>-354   [001] ....     9.856599: do_sys_open: "/sys/devices/pci0000:00/0000:00:1a.0/uevent" 88000 666
           <...>-363   [003] ....     9.856638: do_sys_open: "/run/udev/data/+pci:0000:00:1f.2.tmp" 88241 666
           <...>-361   [001] ....     9.856682: do_sys_open: "/sys/devices/pci0000:00/uevent" 88000 666
           <...>-361   [001] ....     9.856734: do_sys_open: "/run/udev/data/+pci:0000:00:1d.0.tmp" 88241 666
           <...>-363   [003] ....     9.856808: do_sys_open: "/sys/devices/pci0000:00/0000:00:1f.2/uevent" 88000 666
           <...>-355   [000] ....     9.856820: do_sys_open: "/sys/devices/pci0000:00/uevent" 88000 666
           <...>-355   [000] ....     9.856872: do_sys_open: "/run/udev/data/+pci:0000:00:1b.0.tmp" 88241 666
           <...>-361   [001] ....     9.856905: do_sys_open: "/sys/devices/pci0000:00/0000:00:1d.0/uevent" 88000 666
           <...>-359   [000] ....     9.856990: do_sys_open: "/sys/devices/pci0000:00/uevent" 88000 666
           <...>-359   [000] ....     9.857042: do_sys_open: "/run/udev/data/+pci:0000:00:1c.4.tmp" 88241 666
           <...>-295   [001] ....     9.857044: do_sys_open: "/sys/devices/LNXSYSTM:00/device:00/uevent" 88000 666
           <...>-354   [001] ....     9.857088: do_sys_open: "/sys/devices/LNXSYSTM:00/device:00/uevent" 88000 666
           <...>-354   [001] ....     9.857126: do_sys_open: "/sys/devices/virtual/dmi/id/sys_vendor" 88000 0
           <...>-352   [003] ....     9.857157: do_sys_open: "/run/udev/data/+pci:0000:00:02.0.tmp" 88241 666
           <...>-354   [001] ....     9.857158: do_sys_open: "/sys/devices/LNXSYSTM:00/uevent" 88000 666
           <...>-359   [000] ....     9.857203: do_sys_open: "/sys/devices/pci0000:00/0000:00:1c.4/uevent" 88000 666
           <...>-354   [001] ....     9.857220: do_sys_open: "/sys/devices/LNXSYSTM:00/device:00/uevent" 88000 666
           <...>-353   [003] ....     9.857286: do_sys_open: "/sys/devices/pci0000:00/uevent" 88000 666
           <...>-295   [001] ....     9.857304: do_sys_open: "/sys/devices/LNXSYSTM:00/device:37/uevent" 88000 666
           <...>-360   [000] ....     9.857316: do_sys_open: "/sys/devices/pci0000:00/uevent" 88000 666
           <...>-353   [003] ....     9.857343: do_sys_open: "/run/udev/data/+pci:0000:00:19.0.tmp" 88241 666
           <...>-361   [001] ....     9.857350: do_sys_open: "/sys/devices/LNXSYSTM:00/device:37/uevent" 88000 666
           <...>-360   [000] ....     9.857367: do_sys_open: "/run/udev/data/+pci:0000:00:1c.6.tmp" 88241 666
           <...>-353   [003] ....     9.857389: do_sys_open: "/sys/devices/pci0000:00/0000:00:19.0/uevent" 88000 666
           <...>-361   [001] ....     9.857392: do_sys_open: "/sys/devices/virtual/dmi/id/sys_vendor" 88000 0
           <...>-361   [001] ....     9.857424: do_sys_open: "/sys/devices/LNXSYSTM:00/uevent" 88000 666
           <...>-361   [001] ....     9.857481: do_sys_open: "/sys/devices/LNXSYSTM:00/device:37/uevent" 88000 666
           <...>-356   [003] ....     9.857528: do_sys_open: "/sys/devices/pci0000:00/0000:00:1c.0/uevent" 88000 666
           <...>-360   [000] ....     9.857540: do_sys_open: "/sys/devices/pci0000:00/0000:00:1c.6/uevent" 88000 666
           <...>-362   [003] ....     9.857629: do_sys_open: "/sys/devices/pci0000:00/uevent" 88000 666
           <...>-362   [003] ....     9.857687: do_sys_open: "/run/udev/data/+pci:0000:00:1f.0.tmp" 88241 666
           <...>-295   [001] ....     9.858758: do_sys_open: "/sys/devices/LNXSYSTM:00/device:00/PNP0A08:00/uevent" 88000 666
           <...>-295   [001] ....     9.858787: do_sys_open: "/sys/devices/LNXSYSTM:00/device:00/PNP0C01:00/uevent" 88000 666
           <...>-350   [003] ....     9.858806: do_sys_open: "/sys/devices/LNXSYSTM:00/device:00/PNP0A08:00/uevent" 88000 666
           <...>-295   [001] ....     9.858808: do_sys_open: "/sys/devices/LNXSYSTM:00/device:00/PNP0C0D:00/uevent" 88000 666
           <...>-295   [001] ....     9.858839: do_sys_open: "/sys/devices/LNXSYSTM:00/device:00/PNP0C0E:00/uevent" 88000 666
           <...>-354   [000] ....     9.858849: do_sys_open: "/sys/devices/LNXSYSTM:00/device:00/PNP0C0D:00/uevent" 88000 666
           <...>-350   [003] ....     9.858864: do_sys_open: "/sys/devices/virtual/dmi/id/sys_vendor" 88000 0
           <...>-295   [001] ....     9.858880: do_sys_open: "/sys/devices/LNXSYSTM:00/device:00/PNP0C0F:00/uevent" 88000 666
           <...>-354   [000] ....     9.858904: do_sys_open: "/sys/devices/virtual/dmi/id/sys_vendor" 88000 0
           <...>-295   [001] ....     9.858915: do_sys_open: "/sys/devices/LNXSYSTM:00/device:00/PNP0C0F:01/uevent" 88000 666
           <...>-350   [003] ....     9.858937: do_sys_open: "/sys/devices/LNXSYSTM:00/device:00/uevent" 88000 666
           <...>-295   [001] ....     9.858948: do_sys_open: "/sys/devices/LNXSYSTM:00/device:00/PNP0C0F:02/uevent" 88000 666
           <...>-354   [000] ....     9.858965: do_sys_open: "/sys/devices/LNXSYSTM:00/device:00/uevent" 88000 666
           <...>-361   [001] ....     9.858991: do_sys_open: "/sys/devices/LNXSYSTM:00/device:00/PNP0C0F:02/uevent" 88000 666
           <...>-350   [003] ....     9.859003: do_sys_open: "/run/udev/data/+acpi:PNP0A08:00.tmp" 88241 666
           <...>-354   [000] ....     9.859025: do_sys_open: "/run/udev/data/+acpi:PNP0C0D:00.tmp" 88241 666
           <...>-361   [001] ....     9.859037: do_sys_open: "/sys/devices/virtual/dmi/id/sys_vendor" 88000 0
           <...>-354   [000] ....     9.859058: do_sys_open: "/sys/devices/LNXSYSTM:00/device:00/PNP0C0D:00/uevent" 88000 666
           <...>-361   [001] ....     9.859094: do_sys_open: "/sys/devices/LNXSYSTM:00/device:00/uevent" 88000 666
           <...>-359   [000] ....     9.859139: do_sys_open: "/sys/devices/LNXSYSTM:00/device:00/PNP0C0F:00/uevent" 88000 666
           <...>-361   [001] ....     9.859152: do_sys_open: "/run/udev/data/+acpi:PNP0C0F:02.tmp" 88241 666
           <...>-359   [000] ....     9.859187: do_sys_open: "/sys/devices/virtual/dmi/id/sys_vendor" 88000 0
           <...>-350   [003] ....     9.859226: do_sys_open: "/sys/devices/LNXSYSTM:00/device:00/PNP0A08:00/uevent" 88000 666
           <...>-359   [000] ....     9.859239: do_sys_open: "/sys/devices/LNXSYSTM:00/device:00/uevent" 88000 666
           <...>-353   [003] ....     9.859291: do_sys_open: "/sys/devices/LNXSYSTM:00/device:00/PNP0C01:00/uevent" 88000 666
           <...>-359   [000] ....     9.859294: do_sys_open: "/run/udev/data/+acpi:PNP0C0F:00.tmp" 88241 666
           <...>-353   [003] ....     9.859343: do_sys_open: "/sys/devices/virtual/dmi/id/sys_vendor" 88000 0
           <...>-361   [001] ....     9.859352: do_sys_open: "/sys/devices/LNXSYSTM:00/device:00/PNP0C0F:02/uevent" 88000 666
           <...>-353   [003] ....     9.859401: do_sys_open: "/sys/devices/LNXSYSTM:00/device:00/uevent" 88000 666
           <...>-353   [003] ....     9.859461: do_sys_open: "/run/udev/data/+acpi:PNP0C01:00.tmp" 88241 666
           <...>-359   [000] ....     9.859491: do_sys_open: "/sys/devices/LNXSYSTM:00/device:00/PNP0C0F:00/uevent" 88000 666
           <...>-295   [001] ....     9.859497: do_sys_open: "/sys/devices/LNXSYSTM:00/device:00/PNP0C0F:03/uevent" 88000 666
           <...>-360   [000] ....     9.859553: do_sys_open: "/sys/devices/LNXSYSTM:00/device:00/PNP0C0F:01/uevent" 88000 666
           <...>-360   [000] ....     9.859602: do_sys_open: "/sys/devices/virtual/dmi/id/sys_vendor" 88000 0
           <...>-360   [000] ....     9.859657: do_sys_open: "/sys/devices/LNXSYSTM:00/device:00/uevent" 88000 666
           <...>-353   [003] ....     9.859667: do_sys_open: "/sys/devices/LNXSYSTM:00/device:00/PNP0C01:00/uevent" 88000 666
           <...>-360   [000] ....     9.859714: do_sys_open: "/run/udev/data/+acpi:PNP0C0F:01.tmp" 88241 666
           <...>-356   [003] ....     9.859734: do_sys_open: "/sys/devices/LNXSYSTM:00/device:00/PNP0C0E:00/uevent" 88000 666
           <...>-356   [003] ....     9.859787: do_sys_open: "/sys/devices/virtual/dmi/id/sys_vendor" 88000 0
           <...>-356   [003] ....     9.859845: do_sys_open: "/sys/devices/LNXSYSTM:00/device:00/uevent" 88000 666
           <...>-356   [003] ....     9.859900: do_sys_open: "/run/udev/data/+acpi:PNP0C0E:00.tmp" 88241 666
           <...>-360   [000] ....     9.859919: do_sys_open: "/sys/devices/LNXSYSTM:00/device:00/PNP0C0F:01/uevent" 88000 666
           <...>-356   [003] ....     9.859955: do_sys_open: "/sys/devices/LNXSYSTM:00/device:00/PNP0C0E:00/uevent" 88000 666
           <...>-363   [002] ....     9.860047: do_sys_open: "/sys/devices/LNXSYSTM:00/device:00/PNP0C0F:03/uevent" 88000 666
           <...>-363   [002] ....     9.860083: do_sys_open: "/sys/devices/virtual/dmi/id/sys_vendor" 88000 0
           <...>-363   [002] ....     9.860122: do_sys_open: "/sys/devices/LNXSYSTM:00/device:00/uevent" 88000 666
           <...>-363   [002] ....     9.860159: do_sys_open: "/run/udev/data/+acpi:PNP0C0F:03.tmp" 88241 666
           <...>-363   [002] ....     9.860292: do_sys_open: "/sys/devices/LNXSYSTM:00/device:00/PNP0C0F:03/uevent" 88000 666
           <...>-295   [001] ....     9.861248: do_sys_open: "/sys/devices/LNXSYSTM:00/device:00/PNP0A08:00/LNXVIDEO:00/uevent" 88000 666
           <...>-295   [001] ....     9.861284: do_sys_open: "/sys/devices/LNXSYSTM:00/device:00/PNP0A08:00/device:09/uevent" 88000 666
           <...>-350   [003] ....     9.861300: do_sys_open: "/sys/devices/LNXSYSTM:00/device:00/PNP0A08:00/LNXVIDEO:00/uevent" 88000 666
           <...>-295   [001] ....     9.861306: do_sys_open: "/sys/devices/LNXSYSTM:00/device:00/PNP0A08:00/device:0a/uevent" 88000 666
           <...>-295   [001] ....     9.861332: do_sys_open: "/sys/devices/LNXSYSTM:00/device:00/PNP0A08:00/device:13/uevent" 88000 666
           <...>-354   [000] ....     9.861338: do_sys_open: "/sys/devices/LNXSYSTM:00/device:00/PNP0A08:00/device:0a/uevent" 88000 666
           <...>-350   [003] ....     9.861357: do_sys_open: "/sys/devices/virtual/dmi/id/sys_vendor" 88000 0
           <...>-295   [001] ....     9.861357: do_sys_open: "/sys/devices/LNXSYSTM:00/device:00/PNP0A08:00/device:14/uevent" 88000 666
           <...>-295   [001] ....     9.861380: do_sys_open: "/sys/devices/LNXSYSTM:00/device:00/PNP0A08:00/device:15/uevent" 88000 666
           <...>-354   [000] ....     9.861386: do_sys_open: "/sys/devices/virtual/dmi/id/sys_vendor" 88000 0
           <...>-295   [001] ....     9.861404: do_sys_open: "/sys/devices/LNXSYSTM:00/device:00/PNP0A08:00/device:16/uevent" 88000 666
           <...>-350   [003] ....     9.861423: do_sys_open: "/sys/devices/LNXSYSTM:00/device:00/PNP0A08:00/uevent" 88000 666
           <...>-361   [001] ....     9.861438: do_sys_open: "/sys/devices/LNXSYSTM:00/device:00/PNP0A08:00/device:16/uevent" 88000 666
           <...>-354   [000] ....     9.861445: do_sys_open: "/sys/devices/LNXSYSTM:00/device:00/PNP0A08:00/uevent" 88000 666
           <...>-350   [003] ....     9.861452: do_sys_open: "/run/udev/data/+acpi:PNP0A08:00" 88000 666
           <...>-354   [000] ....     9.861468: do_sys_open: "/run/udev/data/+acpi:PNP0A08:00" 88000 666
           <...>-361   [001] ....     9.861478: do_sys_open: "/sys/devices/virtual/dmi/id/sys_vendor" 88000 0
           <...>-356   [002] ....     9.861505: do_sys_open: "/sys/devices/LNXSYSTM:00/device:00/PNP0A08:00/device:13/uevent" 88000 666
           <...>-295   [001] ....     9.861512: do_sys_open: "/sys/devices/LNXSYSTM:00/device:00/PNP0A08:00/device:18/uevent" 88000 666
           <...>-356   [002] ....     9.861550: do_sys_open: "/sys/devices/virtual/dmi/id/sys_vendor" 88000 0
           <...>-350   [003] ....     9.861559: do_sys_open: "/run/udev/data/+acpi:LNXVIDEO:00.tmp" 88241 666
           <...>-354   [000] ....     9.861565: do_sys_open: "/sys/devices/LNXSYSTM:00/device:00/PNP0A08:00/device:0a/uevent" 88000 666
           <...>-359   [000] ....     9.861610: do_sys_open: "/sys/devices/LNXSYSTM:00/device:00/PNP0A08:00/device:14/uevent" 88000 666
           <...>-359   [000] ....     9.861649: do_sys_open: "/sys/devices/virtual/dmi/id/sys_vendor" 88000 0
           <...>-359   [000] ....     9.861701: do_sys_open: "/sys/devices/LNXSYSTM:00/device:00/PNP0A08:00/uevent" 88000 666
           <...>-361   [002] ....     9.861720: do_sys_open: "/sys/devices/LNXSYSTM:00/device:00/PNP0A08:00/uevent" 88000 666
           <...>-359   [000] ....     9.861724: do_sys_open: "/run/udev/data/+acpi:PNP0A08:00" 88000 666
           <...>-361   [002] ....     9.861744: do_sys_open: "/run/udev/data/+acpi:PNP0A08:00" 88000 666
           <...>-359   [000] ....     9.861794: do_sys_open: "/sys/devices/LNXSYSTM:00/device:00/PNP0A08:00/device:14/uevent" 88000 666
           <...>-360   [000] ....     9.861837: do_sys_open: "/sys/devices/LNXSYSTM:00/device:00/PNP0A08:00/device:15/uevent" 88000 666
           <...>-360   [000] ....     9.861874: do_sys_open: "/sys/devices/virtual/dmi/id/sys_vendor" 88000 0
           <...>-361   [002] ....     9.861875: do_sys_open: "/sys/devices/LNXSYSTM:00/device:00/PNP0A08:00/device:16/uevent" 88000 666
           <...>-360   [000] ....     9.861924: do_sys_open: "/sys/devices/LNXSYSTM:00/device:00/PNP0A08:00/uevent" 88000 666
           <...>-360   [000] ....     9.861946: do_sys_open: "/run/udev/data/+acpi:PNP0A08:00" 88000 666
           <...>-353   [002] ....     9.861974: do_sys_open: "/sys/devices/LNXSYSTM:00/device:00/PNP0A08:00/device:09/uevent" 88000 666
           <...>-353   [002] ....     9.862005: do_sys_open: "/sys/devices/virtual/dmi/id/sys_vendor" 88000 0
           <...>-360   [000] ....     9.862014: do_sys_open: "/sys/devices/LNXSYSTM:00/device:00/PNP0A08:00/device:15/uevent" 88000 666
           <...>-348   [000] ....     9.862091: do_sys_open: "/etc/default/keyboard" 88000 666
           <...>-356   [002] ....     9.862107: do_sys_open: "/sys/devices/LNXSYSTM:00/device:00/PNP0A08:00/uevent" 88000 666
           <...>-356   [002] ....     9.862126: do_sys_open: "/run/udev/data/+acpi:PNP0A08:00" 88000 666
           <...>-356   [002] ....     9.862170: do_sys_open: "/sys/devices/LNXSYSTM:00/device:00/PNP0A08:00/device:13/uevent" 88000 666
           <...>-353   [002] ....     9.862256: do_sys_open: "/sys/devices/LNXSYSTM:00/device:00/PNP0A08:00/uevent" 88000 666
           <...>-353   [002] ....     9.862275: do_sys_open: "/run/udev/data/+acpi:PNP0A08:00" 88000 666
           <...>-353   [002] ....     9.862318: do_sys_open: "/sys/devices/LNXSYSTM:00/device:00/PNP0A08:00/device:09/uevent" 88000 666
           <...>-363   [002] ....     9.862419: do_sys_open: "/sys/devices/LNXSYSTM:00/device:00/PNP0A08:00/device:18/uevent" 88000 666
           <...>-363   [002] ....     9.862447: do_sys_open: "/sys/devices/virtual/dmi/id/sys_vendor" 88000 0
           <...>-363   [002] ....     9.862478: do_sys_open: "/sys/devices/LNXSYSTM:00/device:00/PNP0A08:00/uevent" 88000 666
           <...>-363   [002] ....     9.862494: do_sys_open: "/run/udev/data/+acpi:PNP0A08:00" 88000 666
           <...>-363   [002] ....     9.862535: do_sys_open: "/sys/devices/LNXSYSTM:00/device:00/PNP0A08:00/device:18/uevent" 88000 666
           <...>-295   [001] ....     9.862933: do_sys_open: "/sys/devices/LNXSYSTM:00/device:00/PNP0A08:00/device:09/LEN0020:00/uevent" 88000 666
           <...>-295   [001] ....     9.862958: do_sys_open: "/sys/devices/LNXSYSTM:00/device:00/PNP0A08:00/device:09/PNP0000:00/uevent" 88000 666
           <...>-295   [001] ....     9.862980: do_sys_open: "/sys/devices/LNXSYSTM:00/device:00/PNP0A08:00/device:09/PNP0100:00/uevent" 88000 666
           <...>-354   [000] ....     9.862995: do_sys_open: "/sys/devices/LNXSYSTM:00/device:00/PNP0A08:00/device:09/PNP0000:00/uevent" 88000 666
           <...>-295   [001] ....     9.863008: do_sys_open: "/sys/devices/LNXSYSTM:00/device:00/PNP0A08:00/device:09/PNP0103:00/uevent" 88000 666
           <...>-356   [003] ....     9.863026: do_sys_open: "/sys/devices/LNXSYSTM:00/device:00/PNP0A08:00/device:09/PNP0100:00/uevent" 88000 666
           <...>-353   [002] ....     9.863028: do_sys_open: "/sys/devices/LNXSYSTM:00/device:00/PNP0A08:00/device:09/LEN0020:00/uevent" 88000 666
           <...>-295   [001] ....     9.863039: do_sys_open: "/sys/devices/LNXSYSTM:00/device:00/PNP0A08:00/device:09/PNP0200:00/uevent" 88000 666
           <...>-354   [000] ....     9.863045: do_sys_open: "/sys/devices/virtual/dmi/id/sys_vendor" 88000 0
           <...>-295   [001] ....     9.863074: do_sys_open: "/sys/devices/LNXSYSTM:00/device:00/PNP0A08:00/device:09/PNP0303:00/uevent" 88000 666
           <...>-353   [002] ....     9.863091: do_sys_open: "/sys/devices/virtual/dmi/id/sys_vendor" 88000 0
           <...>-356   [003] ....     9.863091: do_sys_open: "/sys/devices/virtual/dmi/id/sys_vendor" 88000 0
           <...>-295   [001] ....     9.863109: do_sys_open: "/sys/devices/LNXSYSTM:00/device:00/PNP0A08:00/device:09/PNP0800:00/uevent" 88000 666
           <...>-354   [000] ....     9.863149: do_sys_open: "/sys/devices/LNXSYSTM:00/device:00/PNP0A08:00/device:09/uevent" 88000 666
           <...>-356   [003] ....     9.863180: do_sys_open: "/sys/devices/LNXSYSTM:00/device:00/PNP0A08:00/device:09/uevent" 88000 666
           <...>-353   [002] ....     9.863186: do_sys_open: "/sys/devices/LNXSYSTM:00/device:00/PNP0A08:00/device:09/uevent" 88000 666
           <...>-354   [000] ....     9.863237: do_sys_open: "/run/udev/data/+acpi:PNP0000:00.tmp" 88241 666
           <...>-356   [003] ....     9.863268: do_sys_open: "/run/udev/data/+acpi:PNP0100:00.tmp" 88241 666
           <...>-353   [002] ....     9.863270: do_sys_open: "/run/udev/data/+acpi:LEN0020:00.tmp" 88241 666
           <...>-353   [002] ....     9.863430: do_sys_open: "/sys/devices/LNXSYSTM:00/device:00/PNP0A08:00/device:09/LEN0020:00/uevent" 88000 666
           <...>-354   [000] ....     9.863448: do_sys_open: "/sys/devices/LNXSYSTM:00/device:00/PNP0A08:00/device:09/PNP0000:00/uevent" 88000 666
           <...>-359   [000] ....     9.863499: do_sys_open: "/sys/devices/LNXSYSTM:00/device:00/PNP0A08:00/device:09/PNP0103:00/uevent" 88000 666
           <...>-356   [003] ....     9.863518: do_sys_open: "/sys/devices/LNXSYSTM:00/device:00/PNP0A08:00/device:09/PNP0100:00/uevent" 88000 666
           <...>-359   [000] ....     9.863545: do_sys_open: "/sys/devices/virtual/dmi/id/sys_vendor" 88000 0
           <...>-359   [000] ....     9.863613: do_sys_open: "/sys/devices/LNXSYSTM:00/device:00/PNP0A08:00/device:09/uevent" 88000 666
           <...>-361   [002] ....     9.863677: do_sys_open: "/sys/devices/LNXSYSTM:00/device:00/PNP0A08:00/device:09/PNP0303:00/uevent" 88000 666
           <...>-359   [000] ....     9.863684: do_sys_open: "/run/udev/data/+acpi:PNP0103:00.tmp" 88241 666
           <...>-361   [002] ....     9.863712: do_sys_open: "/sys/devices/virtual/dmi/id/sys_vendor" 88000 0
           <...>-361   [002] ....     9.863756: do_sys_open: "/sys/devices/LNXSYSTM:00/device:00/PNP0A08:00/device:09/uevent" 88000 666
           <...>-361   [002] ....     9.863802: do_sys_open: "/run/udev/data/+acpi:PNP0303:00.tmp" 88241 666
           <...>-359   [000] ....     9.863836: do_sys_open: "/sys/devices/LNXSYSTM:00/device:00/PNP0A08:00/device:09/PNP0103:00/uevent" 88000 666
           <...>-360   [000] ....     9.863890: do_sys_open: "/sys/devices/LNXSYSTM:00/device:00/PNP0A08:00/device:09/PNP0200:00/uevent" 88000 666
           <...>-360   [000] ....     9.863935: do_sys_open: "/sys/devices/virtual/dmi/id/sys_vendor" 88000 0
           <...>-361   [002] ....     9.864000: do_sys_open: "/sys/devices/LNXSYSTM:00/device:00/PNP0A08:00/device:09/PNP0303:00/uevent" 88000 666
           <...>-360   [000] ....     9.864013: do_sys_open: "/sys/devices/LNXSYSTM:00/device:00/PNP0A08:00/device:09/uevent" 88000 666
           <...>-360   [000] ....     9.864085: do_sys_open: "/run/udev/data/+acpi:PNP0200:00.tmp" 88241 666
           <...>-360   [000] ....     9.864238: do_sys_open: "/sys/devices/LNXSYSTM:00/device:00/PNP0A08:00/device:09/PNP0200:00/uevent" 88000 666
           <...>-363   [002] ....     9.864247: do_sys_open: "/sys/devices/LNXSYSTM:00/device:00/PNP0A08:00/device:09/PNP0800:00/uevent" 88000 666
           <...>-363   [002] ....     9.864348: do_sys_open: "/sys/devices/virtual/dmi/id/sys_vendor" 88000 0
           <...>-363   [002] ....     9.864469: do_sys_open: "/sys/devices/LNXSYSTM:00/device:00/PNP0A08:00/device:09/uevent" 88000 666
           <...>-363   [002] ....     9.864594: do_sys_open: "/run/udev/data/+acpi:PNP0800:00.tmp" 88241 666
           <...>-295   [001] ....     9.864711: do_sys_open: "/sys/devices/LNXSYSTM:00/device:00/PNP0A08:00/device:09/PNP0B00:00/uevent" 88000 666
           <...>-295   [001] ....     9.864736: do_sys_open: "/sys/devices/LNXSYSTM:00/device:00/PNP0A08:00/device:09/PNP0C02:00/uevent" 88000 666
           <...>-353   [002] ....     9.864754: do_sys_open: "/sys/devices/LNXSYSTM:00/device:00/PNP0A08:00/device:09/PNP0B00:00/uevent" 88000 666
           <...>-295   [001] ....     9.864758: do_sys_open: "/sys/devices/LNXSYSTM:00/device:00/PNP0A08:00/device:09/PNP0C04:00/uevent" 88000 666
           <...>-354   [000] ....     9.864773: do_sys_open: "/sys/devices/LNXSYSTM:00/device:00/PNP0A08:00/device:09/PNP0C02:00/uevent" 88000 666
           <...>-295   [001] ....     9.864790: do_sys_open: "/sys/devices/LNXSYSTM:00/device:00/PNP0A08:00/device:09/PNP0C09:00/uevent" 88000 666
           <...>-353   [002] ....     9.864807: do_sys_open: "/sys/devices/virtual/dmi/id/sys_vendor" 88000 0
           <...>-295   [001] ....     9.864824: do_sys_open: "/sys/devices/LNXSYSTM:00/device:00/PNP0A08:00/device:09/SMO1200:00/uevent" 88000 666
           <...>-354   [000] ....     9.864826: do_sys_open: "/sys/devices/virtual/dmi/id/sys_vendor" 88000 0
           <...>-295   [001] ....     9.864857: do_sys_open: "/sys/devices/LNXSYSTM:00/device:00/PNP0A08:00/device:0a/LNXVIDEO:01/uevent" 88000 666
           <...>-353   [002] ....     9.864897: do_sys_open: "/sys/devices/LNXSYSTM:00/device:00/PNP0A08:00/device:09/uevent" 88000 666
           <...>-354   [000] ....     9.864909: do_sys_open: "/sys/devices/LNXSYSTM:00/device:00/PNP0A08:00/device:09/uevent" 88000 666
           <...>-353   [002] ....     9.864976: do_sys_open: "/run/udev/data/+acpi:PNP0B00:00.tmp" 88241 666
           <...>-354   [000] ....     9.864986: do_sys_open: "/run/udev/data/+acpi:PNP0C02:00.tmp" 88241 666
           <...>-361   [002] ....     9.865055: do_sys_open: "/sys/devices/LNXSYSTM:00/device:00/PNP0A08:00/device:0a/LNXVIDEO:01/uevent" 88000 666
           <...>-361   [002] ....     9.865102: do_sys_open: "/sys/devices/virtual/dmi/id/sys_vendor" 88000 0
           <...>-354   [000] ....     9.865139: do_sys_open: "/sys/devices/LNXSYSTM:00/device:00/PNP0A08:00/device:09/PNP0C02:00/uevent" 88000 666
           <...>-359   [000] ....     9.865201: do_sys_open: "/sys/devices/LNXSYSTM:00/device:00/PNP0A08:00/device:09/PNP0C09:00/uevent" 88000 666
           <...>-361   [002] ....     9.865214: do_sys_open: "/sys/devices/LNXSYSTM:00/device:00/PNP0A08:00/device:0a/uevent" 88000 666
           <...>-359   [000] ....     9.865248: do_sys_open: "/sys/devices/virtual/dmi/id/sys_vendor" 88000 0
           <...>-361   [002] ....     9.865289: do_sys_open: "/sys/devices/LNXSYSTM:00/device:00/PNP0A08:00/uevent" 88000 666
           <...>-361   [002] ....     9.865312: do_sys_open: "/run/udev/data/+acpi:PNP0A08:00" 88000 666
           <...>-359   [000] ....     9.865317: do_sys_open: "/sys/devices/LNXSYSTM:00/device:00/PNP0A08:00/device:09/uevent" 88000 666
           <...>-359   [000] ....     9.865389: do_sys_open: "/run/udev/data/+acpi:PNP0C09:00.tmp" 88241 666
           <...>-359   [000] ....     9.865420: do_sys_open: "/sys/devices/LNXSYSTM:00/device:00/PNP0A08:00/device:09/PNP0C09:00/uevent" 88000 666
           <...>-361   [002] ....     9.865452: do_sys_open: "/run/udev/data/+acpi:LNXVIDEO:01.tmp" 88241 666
           <...>-360   [000] ....     9.865470: do_sys_open: "/sys/devices/LNXSYSTM:00/device:00/PNP0A08:00/device:09/SMO1200:00/uevent" 88000 666
           <...>-360   [000] ....     9.865554: do_sys_open: "/sys/devices/virtual/dmi/id/sys_vendor" 88000 0
           <...>-360   [000] ....     9.865626: do_sys_open: "/sys/devices/LNXSYSTM:00/device:00/PNP0A08:00/device:09/uevent" 88000 666
           <...>-360   [000] ....     9.865702: do_sys_open: "/run/udev/data/+acpi:SMO1200:00.tmp" 88241 666
           <...>-353   [002] ....     9.865843: do_sys_open: "/sys/devices/LNXSYSTM:00/device:00/PNP0A08:00/device:09/PNP0B00:00/uevent" 88000 666
           <...>-363   [002] ....     9.865945: do_sys_open: "/sys/devices/LNXSYSTM:00/device:00/PNP0A08:00/device:09/PNP0800:00/uevent" 88000 666
           <...>-356   [002] ....     9.866107: do_sys_open: "/sys/devices/LNXSYSTM:00/device:00/PNP0A08:00/device:09/PNP0C04:00/uevent" 88000 666
           <...>-356   [002] ....     9.866159: do_sys_open: "/sys/devices/virtual/dmi/id/sys_vendor" 88000 0
           <...>-356   [002] ....     9.866231: do_sys_open: "/sys/devices/LNXSYSTM:00/device:00/PNP0A08:00/device:09/uevent" 88000 666
           <...>-356   [002] ....     9.866309: do_sys_open: "/run/udev/data/+acpi:PNP0C04:00.tmp" 88241 666
           <...>-295   [001] ....     9.866422: do_sys_open: "/sys/devices/LNXSYSTM:00/device:00/PNP0A08:00/device:09/PNP0C09:00/ACPI0003:00/uevent" 88000 666
           <...>-295   [001] ....     9.866450: do_sys_open: "/sys/devices/LNXSYSTM:00/device:00/PNP0A08:00/device:09/PNP0C09:00/LEN0068:00/uevent" 88000 666
           <...>-295   [001] ....     9.866473: do_sys_open: "/sys/devices/LNXSYSTM:00/device:00/PNP0A08:00/device:09/PNP0C09:00/LNXPOWER:00/uevent" 88000 666
           <...>-354   [000] ....     9.866488: do_sys_open: "/sys/devices/LNXSYSTM:00/device:00/PNP0A08:00/device:09/PNP0C09:00/LEN0068:00/uevent" 88000 666
           <...>-353   [002] ....     9.866494: do_sys_open: "/sys/devices/LNXSYSTM:00/device:00/PNP0A08:00/device:09/PNP0C09:00/ACPI0003:00/uevent" 88000 666
           <...>-295   [001] ....     9.866504: do_sys_open: "/sys/devices/LNXSYSTM:00/device:00/PNP0A08:00/device:09/PNP0C09:00/PNP0C0A:00/uevent" 88000 666
           <...>-354   [000] ....     9.866542: do_sys_open: "/sys/devices/virtual/dmi/id/sys_vendor" 88000 0
           <...>-353   [002] ....     9.866549: do_sys_open: "/sys/devices/virtual/dmi/id/sys_vendor" 88000 0
           <...>-354   [000] ....     9.866640: do_sys_open: "/sys/devices/LNXSYSTM:00/device:00/PNP0A08:00/device:09/PNP0C09:00/uevent" 88000 666
           <...>-354   [000] ....     9.866662: do_sys_open: "/run/udev/data/+acpi:PNP0C09:00" 88000 666
           <...>-356   [002] ....     9.866695: do_sys_open: "/sys/devices/LNXSYSTM:00/device:00/PNP0A08:00/device:09/PNP0C04:00/uevent" 88000 666
           <...>-354   [000] ....     9.866746: do_sys_open: "/run/udev/data/+acpi:LEN0068:00.tmp" 88241 666
           <...>-363   [002] ....     9.866778: do_sys_open: "/sys/devices/LNXSYSTM:00/device:00/PNP0A08:00/device:09/PNP0C09:00/PNP0C0A:00/uevent" 88000 666
           <...>-363   [002] ....     9.866829: do_sys_open: "/sys/devices/virtual/dmi/id/sys_vendor" 88000 0
           <...>-363   [002] ....     9.866911: do_sys_open: "/sys/devices/LNXSYSTM:00/device:00/PNP0A08:00/device:09/PNP0C09:00/uevent" 88000 666
           <...>-363   [002] ....     9.866935: do_sys_open: "/run/udev/data/+acpi:PNP0C09:00" 88000 666
           <...>-359   [000] ....     9.866948: do_sys_open: "/sys/devices/LNXSYSTM:00/device:00/PNP0A08:00/device:09/PNP0C09:00/LNXPOWER:00/uevent" 88000 666
           <...>-359   [000] ....     9.866996: do_sys_open: "/sys/devices/virtual/dmi/id/sys_vendor" 88000 0
           <...>-363   [002] ....     9.867018: do_sys_open: "/run/udev/data/+acpi:PNP0C0A:00.tmp" 88241 666
           <...>-363   [002] ....     9.867052: do_sys_open: "/sys/devices/LNXSYSTM:00/device:00/PNP0A08:00/device:09/PNP0C09:00/PNP0C0A:00/uevent" 88000 666
           <...>-359   [000] ....     9.867065: do_sys_open: "/sys/devices/LNXSYSTM:00/device:00/PNP0A08:00/device:09/PNP0C09:00/uevent" 88000 666
           <...>-359   [000] ....     9.867088: do_sys_open: "/run/udev/data/+acpi:PNP0C09:00" 88000 666
           <...>-359   [000] ....     9.867185: do_sys_open: "/run/udev/data/+acpi:LNXPOWER:00.tmp" 88241 666
           <...>-359   [000] ....     9.867339: do_sys_open: "/sys/devices/LNXSYSTM:00/device:00/PNP0A08:00/device:09/PNP0C09:00/LNXPOWER:00/uevent" 88000 666
           <...>-295   [001] ....     9.867954: do_sys_open: "/sys/devices/LNXSYSTM:00/device:00/PNP0A08:00/device:09/PNP0C09:00/PNP0C0A:00/power_supply/BAT0/uevent" 88000 666
           <...>-295   [000] ....     9.869736: do_sys_open: "/sys/devices/LNXSYSTM:00/device:00/PNP0A08:00/device:16/device:17/uevent" 88000 666
           <...>-356   [002] ....     9.869754: do_sys_open: "/sys/devices/LNXSYSTM:00/device:00/PNP0A08:00/device:09/PNP0C09:00/PNP0C0A:00/power_supply/BAT0/uevent" 88000 666
           <...>-295   [000] ....     9.869757: do_sys_open: "/sys/devices/LNXSYSTM:00/device:00/PNP0A08:00/device:18/device:19/uevent" 88000 666
           <...>-359   [001] ....     9.869773: do_sys_open: "/sys/devices/LNXSYSTM:00/device:00/PNP0A08:00/device:16/device:17/uevent" 88000 666
           <...>-363   [003] ....     9.869796: do_sys_open: "/sys/devices/LNXSYSTM:00/device:00/PNP0A08:00/device:18/device:19/uevent" 88000 666
           <...>-359   [001] ....     9.869823: do_sys_open: "/sys/devices/virtual/dmi/id/sys_vendor" 88000 0
           <...>-356   [002] ....     9.869830: do_sys_open: "/sys/devices/virtual/dmi/id/sys_vendor" 88000 0
           <...>-363   [003] ....     9.869846: do_sys_open: "/sys/devices/virtual/dmi/id/sys_vendor" 88000 0
           <...>-359   [001] ....     9.869914: do_sys_open: "/sys/devices/LNXSYSTM:00/device:00/PNP0A08:00/device:16/uevent" 88000 666
           <...>-363   [003] ....     9.869928: do_sys_open: "/sys/devices/LNXSYSTM:00/device:00/PNP0A08:00/device:18/uevent" 88000 666
           <...>-356   [002] ....     9.869958: do_sys_open: "/sys/devices/LNXSYSTM:00/device:00/PNP0A08:00/device:09/PNP0C09:00/PNP0C0A:00/uevent" 88000 666
           <...>-356   [002] ....     9.869982: do_sys_open: "/run/udev/data/+acpi:PNP0C0A:00" 88000 666
           <...>-359   [001] ....     9.869995: do_sys_open: "/sys/devices/LNXSYSTM:00/device:00/PNP0A08:00/device:16/device:17/uevent" 88000 666
           <...>-363   [003] ....     9.870007: do_sys_open: "/sys/devices/LNXSYSTM:00/device:00/PNP0A08:00/device:18/device:19/uevent" 88000 666
           <...>-356   [002] ....     9.870093: do_sys_open: "/sys/devices/LNXSYSTM:00/device:00/PNP0A08:00/device:09/PNP0C09:00/PNP0C0A:00/power_supply/BAT0/type" 88000 0
           <...>-356   [002] ....     9.870107: do_sys_open: "/sys/devices/LNXSYSTM:00/device:00/PNP0A08:00/device:09/PNP0C09:00/PNP0C0A:00/power_supply/BAT0/manufacturer" 88000 0
           <...>-356   [002] ....     9.870133: do_sys_open: "/sys/devices/LNXSYSTM:00/device:00/PNP0A08:00/device:09/PNP0C09:00/PNP0C0A:00/power_supply/BAT0/uevent" 88000 666
           <...>-295   [000] ....     9.871123: do_sys_open: "/sys/devices/LNXSYSTM:00/device:00/PNP0A08:00/device:1a/uevent" 88000 666
           <...>-295   [000] ....     9.871143: do_sys_open: "/sys/devices/LNXSYSTM:00/device:00/PNP0A08:00/device:1b/uevent" 88000 666
           <...>-356   [002] ....     9.871154: do_sys_open: "/sys/devices/LNXSYSTM:00/device:00/PNP0A08:00/device:1a/uevent" 88000 666
           <...>-295   [000] ....     9.871159: do_sys_open: "/sys/devices/LNXSYSTM:00/device:00/PNP0A08:00/device:20/uevent" 88000 666
           <...>-359   [001] ....     9.871174: do_sys_open: "/sys/devices/LNXSYSTM:00/device:00/PNP0A08:00/device:1b/uevent" 88000 666
           <...>-356   [002] ....     9.871192: do_sys_open: "/sys/devices/virtual/dmi/id/sys_vendor" 88000 0
           <...>-363   [003] ....     9.871196: do_sys_open: "/sys/devices/LNXSYSTM:00/device:00/PNP0A08:00/device:20/uevent" 88000 666
           <...>-359   [001] ....     9.871221: do_sys_open: "/sys/devices/virtual/dmi/id/sys_vendor" 88000 0
           <...>-363   [003] ....     9.871242: do_sys_open: "/sys/devices/virtual/dmi/id/sys_vendor" 88000 0
           <...>-356   [002] ....     9.871254: do_sys_open: "/sys/devices/LNXSYSTM:00/device:00/PNP0A08:00/uevent" 88000 666
           <...>-356   [002] ....     9.871277: do_sys_open: "/run/udev/data/+acpi:PNP0A08:00" 88000 666
           <...>-359   [001] ....     9.871282: do_sys_open: "/sys/devices/LNXSYSTM:00/device:00/PNP0A08:00/uevent" 88000 666
           <...>-363   [003] ....     9.871301: do_sys_open: "/sys/devices/LNXSYSTM:00/device:00/PNP0A08:00/uevent" 88000 666
           <...>-359   [001] ....     9.871304: do_sys_open: "/run/udev/data/+acpi:PNP0A08:00" 88000 666
           <...>-363   [003] ....     9.871324: do_sys_open: "/run/udev/data/+acpi:PNP0A08:00" 88000 666
           <...>-356   [002] ....     9.871350: do_sys_open: "/sys/devices/LNXSYSTM:00/device:00/PNP0A08:00/device:1a/uevent" 88000 666
           <...>-359   [001] ....     9.871376: do_sys_open: "/sys/devices/LNXSYSTM:00/device:00/PNP0A08:00/device:1b/uevent" 88000 666
           <...>-363   [003] ....     9.871392: do_sys_open: "/sys/devices/LNXSYSTM:00/device:00/PNP0A08:00/device:20/uevent" 88000 666
           <...>-295   [000] ....     9.872395: do_sys_open: "/sys/devices/LNXSYSTM:00/device:00/PNP0A08:00/device:1b/device:1c/uevent" 88000 666
           <...>-295   [000] ....     9.872416: do_sys_open: "/sys/devices/LNXSYSTM:00/device:00/PNP0A08:00/device:1b/device:1d/uevent" 88000 666
           <...>-356   [002] ....     9.872432: do_sys_open: "/sys/devices/LNXSYSTM:00/device:00/PNP0A08:00/device:1b/device:1c/uevent" 88000 666
           <...>-295   [000] ....     9.872436: do_sys_open: "/sys/devices/LNXSYSTM:00/device:00/PNP0A08:00/device:1b/device:1e/uevent" 88000 666
           <...>-359   [001] ....     9.872472: do_sys_open: "/sys/devices/LNXSYSTM:00/device:00/PNP0A08:00/device:1b/device:1d/uevent" 88000 666
           <...>-363   [003] ....     9.872480: do_sys_open: "/sys/devices/LNXSYSTM:00/device:00/PNP0A08:00/device:1b/device:1e/uevent" 88000 666
           <...>-356   [002] ....     9.872483: do_sys_open: "/sys/devices/virtual/dmi/id/sys_vendor" 88000 0
           <...>-359   [001] ....     9.872525: do_sys_open: "/sys/devices/virtual/dmi/id/sys_vendor" 88000 0
           <...>-363   [003] ....     9.872532: do_sys_open: "/sys/devices/virtual/dmi/id/sys_vendor" 88000 0
           <...>-356   [002] ....     9.872576: do_sys_open: "/sys/devices/LNXSYSTM:00/device:00/PNP0A08:00/device:1b/uevent" 88000 666
           <...>-359   [001] ....     9.872606: do_sys_open: "/sys/devices/LNXSYSTM:00/device:00/PNP0A08:00/device:1b/uevent" 88000 666
           <...>-363   [003] ....     9.872619: do_sys_open: "/sys/devices/LNXSYSTM:00/device:00/PNP0A08:00/device:1b/uevent" 88000 666
           <...>-356   [002] ....     9.872668: do_sys_open: "/sys/devices/LNXSYSTM:00/device:00/PNP0A08:00/device:1b/device:1c/uevent" 88000 666
           <...>-359   [001] ....     9.872697: do_sys_open: "/sys/devices/LNXSYSTM:00/device:00/PNP0A08:00/device:1b/device:1d/uevent" 88000 666
           <...>-363   [003] ....     9.872703: do_sys_open: "/sys/devices/LNXSYSTM:00/device:00/PNP0A08:00/device:1b/device:1e/uevent" 88000 666
           <...>-295   [000] ....     9.873670: do_sys_open: "/sys/devices/LNXSYSTM:00/device:00/PNP0A08:00/device:1b/device:1f/uevent" 88000 666
           <...>-295   [000] ....     9.873691: do_sys_open: "/sys/devices/LNXSYSTM:00/device:00/PNP0A08:00/device:21/uevent" 88000 666
           <...>-356   [002] ....     9.873707: do_sys_open: "/sys/devices/LNXSYSTM:00/device:00/PNP0A08:00/device:1b/device:1f/uevent" 88000 666
           <...>-359   [001] ....     9.873734: do_sys_open: "/sys/devices/LNXSYSTM:00/device:00/PNP0A08:00/device:21/uevent" 88000 666
           <...>-356   [002] ....     9.873747: do_sys_open: "/sys/devices/virtual/dmi/id/sys_vendor" 88000 0
           <...>-359   [001] ....     9.873783: do_sys_open: "/sys/devices/virtual/dmi/id/sys_vendor" 88000 0
           <...>-357   [000] ....     9.873783: do_sys_open: "/sys/devices/pci0000:00/uevent" 88000 666
           <...>-356   [002] ....     9.873801: do_sys_open: "/sys/devices/LNXSYSTM:00/device:00/PNP0A08:00/device:1b/uevent" 88000 666
           <...>-357   [000] ....     9.873843: do_sys_open: "/run/udev/data/+pci:0000:00:1c.1.tmp" 88241 666
           <...>-359   [001] ....     9.873844: do_sys_open: "/sys/devices/LNXSYSTM:00/device:00/PNP0A08:00/uevent" 88000 666
           <...>-356   [002] ....     9.873858: do_sys_open: "/sys/devices/LNXSYSTM:00/device:00/PNP0A08:00/device:1b/device:1f/uevent" 88000 666
           <...>-359   [001] ....     9.873866: do_sys_open: "/run/udev/data/+acpi:PNP0A08:00" 88000 666
           <...>-359   [001] ....     9.873928: do_sys_open: "/sys/devices/LNXSYSTM:00/device:00/PNP0A08:00/device:21/uevent" 88000 666
           <...>-357   [000] ....     9.873996: do_sys_open: "/sys/devices/pci0000:00/0000:00:1c.1/uevent" 88000 666
           <...>-295   [000] ....     9.874047: do_sys_open: "/sys/devices/LNXSYSTM:00/device:00/PNP0A08:00/device:22/uevent" 88000 666
           <...>-358   [001] ....     9.874233: do_sys_open: "/sys/devices/pci0000:00/uevent" 88000 666
           <...>-358   [001] ....     9.874288: do_sys_open: "/run/udev/data/+pci:0000:00:1c.3.tmp" 88241 666
           <...>-358   [001] ....     9.874447: do_sys_open: "/sys/devices/pci0000:00/0000:00:1c.3/uevent" 88000 666
           <...>-363   [003] ....     9.874462: do_sys_open: "/sys/devices/LNXSYSTM:00/device:00/PNP0A08:00/device:22/uevent" 88000 666
           <...>-363   [003] ....     9.874497: do_sys_open: "/sys/devices/virtual/dmi/id/sys_vendor" 88000 0
           <...>-363   [003] ....     9.874540: do_sys_open: "/sys/devices/LNXSYSTM:00/device:00/PNP0A08:00/uevent" 88000 666
           <...>-363   [003] ....     9.874557: do_sys_open: "/run/udev/data/+acpi:PNP0A08:00" 88000 666
           <...>-363   [003] ....     9.874600: do_sys_open: "/sys/devices/LNXSYSTM:00/device:00/PNP0A08:00/device:22/uevent" 88000 666
           <...>-295   [000] ....     9.875502: do_sys_open: "/sys/devices/LNXSYSTM:00/device:00/PNP0A08:00/device:22/device:23/uevent" 88000 666
           <...>-295   [000] ....     9.875523: do_sys_open: "/sys/devices/LNXSYSTM:00/device:00/PNP0A08:00/device:2d/uevent" 88000 666
           <...>-356   [002] ....     9.875534: do_sys_open: "/sys/devices/LNXSYSTM:00/device:00/PNP0A08:00/device:22/device:23/uevent" 88000 666
           <...>-295   [000] ....     9.875542: do_sys_open: "/sys/devices/LNXSYSTM:00/device:00/PNP0A08:00/device:36/uevent" 88000 666
           <...>-357   [001] ....     9.875567: do_sys_open: "/sys/devices/LNXSYSTM:00/device:00/PNP0A08:00/device:2d/uevent" 88000 666
           <...>-295   [000] ....     9.875567: do_sys_open: "/sys/devices/LNXSYSTM:00/device:00/PNP0C0D:00/input/input0/uevent" 88000 666
           <...>-356   [002] ....     9.875568: do_sys_open: "/sys/devices/virtual/dmi/id/sys_vendor" 88000 0
           <...>-295   [000] ....     9.875614: do_sys_open: "/sys/devices/LNXSYSTM:00/device:00/PNP0C0E:00/input/input1/uevent" 88000 666
           <...>-356   [002] ....     9.875615: do_sys_open: "/sys/devices/LNXSYSTM:00/device:00/PNP0A08:00/device:22/uevent" 88000 666
           <...>-357   [001] ....     9.875617: do_sys_open: "/sys/devices/virtual/dmi/id/sys_vendor" 88000 0
           <...>-363   [003] ....     9.875672: do_sys_open: "/sys/devices/LNXSYSTM:00/device:00/PNP0C0E:00/input/input1/uevent" 88000 666
           <...>-357   [001] ....     9.875678: do_sys_open: "/sys/devices/LNXSYSTM:00/device:00/PNP0A08:00/uevent" 88000 666
           <...>-356   [002] ....     9.875679: do_sys_open: "/sys/devices/LNXSYSTM:00/device:00/PNP0A08:00/device:22/device:23/uevent" 88000 666
           <...>-357   [001] ....     9.875702: do_sys_open: "/run/udev/data/+acpi:PNP0A08:00" 88000 666
           <...>-363   [003] ....     9.875710: do_sys_open: "/run/udev/data/+input:input1" 88000 666
           <...>-363   [003] ....     9.875755: do_sys_open: "/sys/devices/virtual/dmi/id/sys_vendor" 88000 0
           <...>-357   [001] ....     9.875772: do_sys_open: "/sys/devices/LNXSYSTM:00/device:00/PNP0A08:00/device:2d/uevent" 88000 666
           <...>-363   [003] ....     9.875812: do_sys_open: "/sys/devices/LNXSYSTM:00/device:00/PNP0C0E:00/input/input1/capabilities/ev" 88000 0
           <...>-358   [001] ....     9.875823: do_sys_open: "/sys/devices/LNXSYSTM:00/device:00/PNP0A08:00/device:36/uevent" 88000 666
           <...>-363   [003] ....     9.875836: do_sys_open: "/sys/devices/LNXSYSTM:00/device:00/PNP0C0E:00/input/input1/capabilities/abs" 88000 0
           <...>-363   [003] ....     9.875852: do_sys_open: "/sys/devices/LNXSYSTM:00/device:00/PNP0C0E:00/input/input1/capabilities/rel" 88000 0
           <...>-363   [003] ....     9.875866: do_sys_open: "/sys/devices/LNXSYSTM:00/device:00/PNP0C0E:00/input/input1/capabilities/key" 88000 0
           <...>-358   [001] ....     9.875867: do_sys_open: "/sys/devices/virtual/dmi/id/sys_vendor" 88000 0
           <...>-363   [003] ....     9.875911: do_sys_open: "/sys/devices/LNXSYSTM:00/device:00/PNP0C0E:00/input/input1/name" 88000 0
           <...>-358   [001] ....     9.875925: do_sys_open: "/sys/devices/LNXSYSTM:00/device:00/PNP0A08:00/uevent" 88000 666
           <...>-358   [001] ....     9.875948: do_sys_open: "/run/udev/data/+acpi:PNP0A08:00" 88000 666
           <...>-363   [003] ....     9.875969: do_sys_open: "/sys/devices/LNXSYSTM:00/device:00/PNP0C0E:00/uevent" 88000 666
           <...>-363   [003] ....     9.875997: do_sys_open: "/run/udev/data/+acpi:PNP0C0E:00" 88000 666
           <...>-358   [001] ....     9.876021: do_sys_open: "/sys/devices/LNXSYSTM:00/device:00/PNP0A08:00/device:36/uevent" 88000 666
           <...>-363   [003] ....     9.876060: do_sys_open: "/run/udev/data/+input:input1.tmp" 88241 666
           <...>-359   [001] ....     9.876067: do_sys_open: "/sys/devices/LNXSYSTM:00/device:00/PNP0C0D:00/input/input0/uevent" 88000 666
           <...>-363   [003] ....     9.876099: do_sys_open: "/run/udev/tags/seat/+input:input1" a8241 444
           <...>-359   [001] ....     9.876099: do_sys_open: "/run/udev/data/+input:input0" 88000 666
           <...>-359   [001] ....     9.876137: do_sys_open: "/sys/devices/virtual/dmi/id/sys_vendor" 88000 0
           <...>-363   [003] ....     9.876158: do_sys_open: "/sys/module/mac_hid/initstate" 88000 0
           <...>-363   [003] ....     9.876188: do_sys_open: "/sys/devices/LNXSYSTM:00/device:00/PNP0C0E:00/input/input1/uevent" 88000 666
           <...>-359   [001] ....     9.876195: do_sys_open: "/sys/devices/LNXSYSTM:00/device:00/PNP0C0D:00/input/input0/capabilities/ev" 88000 0
           <...>-359   [001] ....     9.876215: do_sys_open: "/sys/devices/LNXSYSTM:00/device:00/PNP0C0D:00/input/input0/capabilities/abs" 88000 0
           <...>-359   [001] ....     9.876228: do_sys_open: "/sys/devices/LNXSYSTM:00/device:00/PNP0C0D:00/input/input0/capabilities/rel" 88000 0
           <...>-359   [001] ....     9.876239: do_sys_open: "/sys/devices/LNXSYSTM:00/device:00/PNP0C0D:00/input/input0/capabilities/key" 88000 0
           <...>-359   [001] ....     9.876273: do_sys_open: "/sys/devices/LNXSYSTM:00/device:00/PNP0C0D:00/input/input0/name" 88000 0
           <...>-359   [001] ....     9.876313: do_sys_open: "/sys/devices/LNXSYSTM:00/device:00/PNP0C0D:00/uevent" 88000 666
           <...>-359   [001] ....     9.876335: do_sys_open: "/run/udev/data/+acpi:PNP0C0D:00" 88000 666
           <...>-359   [001] ....     9.876393: do_sys_open: "/run/udev/data/+input:input0.tmp" 88241 666
           <...>-359   [001] ....     9.876426: do_sys_open: "/run/udev/tags/seat/+input:input0" a8241 444
           <...>-359   [001] ....     9.876489: do_sys_open: "/sys/devices/LNXSYSTM:00/device:00/PNP0C0D:00/input/input0/uevent" 88000 666
           <...>-295   [000] ....     9.877055: do_sys_open: "/sys/devices/LNXSYSTM:00/device:00/PNP0A08:00/device:22/device:23/device:24/uevent" 88000 666
           <...>-295   [000] ....     9.877078: do_sys_open: "/sys/devices/LNXSYSTM:00/device:00/PNP0A08:00/device:2d/device:2e/uevent" 88000 666
           <...>-356   [002] ....     9.877094: do_sys_open: "/sys/devices/LNXSYSTM:00/device:00/PNP0A08:00/device:22/device:23/device:24/uevent" 88000 666
           <...>-295   [000] ....     9.877100: do_sys_open: "/sys/devices/LNXSYSTM:00/device:00/PNP0C0D:00/input/input0/event0/uevent" 88000 666
           <...>-357   [001] ....     9.877124: do_sys_open: "/sys/devices/LNXSYSTM:00/device:00/PNP0A08:00/device:2d/device:2e/uevent" 88000 666
           <...>-356   [002] ....     9.877135: do_sys_open: "/sys/devices/virtual/dmi/id/sys_vendor" 88000 0
           <...>-295   [000] ....     9.877147: do_sys_open: "/sys/devices/LNXSYSTM:00/device:00/PNP0C0E:00/input/input1/event1/uevent" 88000 666
           <...>-357   [001] ....     9.877169: do_sys_open: "/sys/devices/virtual/dmi/id/sys_vendor" 88000 0
           <...>-295   [000] ....     9.877181: do_sys_open: "/sys/devices/LNXSYSTM:00/device:00/PNP0C0F:04/uevent" 88000 666
           <...>-356   [002] ....     9.877192: do_sys_open: "/sys/devices/LNXSYSTM:00/device:00/PNP0A08:00/device:22/device:23/uevent" 88000 666
           <...>-363   [003] ....     9.877225: do_sys_open: "/sys/devices/LNXSYSTM:00/device:00/PNP0C0F:04/uevent" 88000 666
           <...>-357   [001] ....     9.877240: do_sys_open: "/sys/devices/LNXSYSTM:00/device:00/PNP0A08:00/device:2d/uevent" 88000 666
           <...>-363   [003] ....     9.877277: do_sys_open: "/sys/devices/virtual/dmi/id/sys_vendor" 88000 0
           <...>-356   [002] ....     9.877278: do_sys_open: "/sys/devices/LNXSYSTM:00/device:00/PNP0A08:00/device:22/device:23/device:24/uevent" 88000 666
           <...>-357   [001] ....     9.877325: do_sys_open: "/sys/devices/LNXSYSTM:00/device:00/PNP0A08:00/device:2d/device:2e/uevent" 88000 666
           <...>-363   [003] ....     9.877333: do_sys_open: "/sys/devices/LNXSYSTM:00/device:00/uevent" 88000 666
           <...>-358   [001] ....     9.877374: do_sys_open: "/sys/devices/LNXSYSTM:00/device:00/PNP0C0D:00/input/input0/event0/uevent" 88000 666
           <...>-363   [003] ....     9.877395: do_sys_open: "/run/udev/data/+acpi:PNP0C0F:04.tmp" 88241 666
           <...>-358   [001] ....     9.877400: do_sys_open: "/run/udev/data/c13:64" 88000 666
           <...>-358   [001] ....     9.877437: do_sys_open: "/sys/devices/virtual/dmi/id/sys_vendor" 88000 0
           <...>-358   [001] ....     9.877505: do_sys_open: "/sys/devices/LNXSYSTM:00/device:00/PNP0C0D:00/input/input0/capabilities/ev" 88000 0
           <...>-358   [001] ....     9.877525: do_sys_open: "/sys/devices/LNXSYSTM:00/device:00/PNP0C0D:00/input/input0/capabilities/abs" 88000 0
           <...>-358   [001] ....     9.877536: do_sys_open: "/sys/devices/LNXSYSTM:00/device:00/PNP0C0D:00/input/input0/capabilities/rel" 88000 0
           <...>-363   [003] ....     9.877550: do_sys_open: "/sys/devices/LNXSYSTM:00/device:00/PNP0C0F:04/uevent" 88000 666
           <...>-358   [001] ....     9.877550: do_sys_open: "/sys/devices/LNXSYSTM:00/device:00/PNP0C0D:00/input/input0/capabilities/key" 88000 0
           <...>-358   [001] ....     9.877591: do_sys_open: "/sys/devices/LNXSYSTM:00/device:00/PNP0C0D:00/input/input0/name" 88000 0
           <...>-358   [001] ....     9.877674: do_sys_open: "/sys/devices/LNXSYSTM:00/device:00/PNP0C0D:00/input/input0/uevent" 88000 666
           <...>-358   [001] ....     9.877707: do_sys_open: "/run/udev/data/+input:input0" 88000 666
           <...>-358   [001] ....     9.877776: do_sys_open: "/run/udev/data/c13:64.tmp" 88241 666
           <...>-358   [001] ....     9.877815: do_sys_open: "/run/udev/tags/power-switch/c13:64" a8241 444
           <...>-358   [001] ....     9.877828: do_sys_open: "/sys/devices/LNXSYSTM:00/device:00/PNP0C0D:00/input/input0/event0/uevent" 88000 666
           <...>-359   [001] ....     9.877889: do_sys_open: "/sys/devices/LNXSYSTM:00/device:00/PNP0C0E:00/input/input1/event1/uevent" 88000 666
           <...>-359   [001] ....     9.877913: do_sys_open: "/run/udev/data/c13:65" 88000 666
           <...>-359   [001] ....     9.877950: do_sys_open: "/sys/devices/virtual/dmi/id/sys_vendor" 88000 0
           <...>-359   [001] ....     9.878017: do_sys_open: "/sys/devices/LNXSYSTM:00/device:00/PNP0C0E:00/input/input1/capabilities/ev" 88000 0
           <...>-359   [001] ....     9.878030: do_sys_open: "/sys/devices/LNXSYSTM:00/device:00/PNP0C0E:00/input/input1/capabilities/abs" 88000 0
           <...>-359   [001] ....     9.878041: do_sys_open: "/sys/devices/LNXSYSTM:00/device:00/PNP0C0E:00/input/input1/capabilities/rel" 88000 0
           <...>-359   [001] ....     9.878053: do_sys_open: "/sys/devices/LNXSYSTM:00/device:00/PNP0C0E:00/input/input1/capabilities/key" 88000 0
           <...>-359   [001] ....     9.878095: do_sys_open: "/sys/devices/LNXSYSTM:00/device:00/PNP0C0E:00/input/input1/name" 88000 0
